../Core/Src/main.c:77:6:delay_us	16	static
../Core/Src/main.c:84:6:fullStepRotate_x	16	static
../Core/Src/main.c:102:6:move_function	56	static
../Core/Src/main.c:230:6:setStepper_x	56	static
../Core/Src/main.c:338:6:fullStepRotate_e	16	static
../Core/Src/main.c:356:6:fullStepRotate_d	16	static
../Core/Src/main.c:374:6:fullStepRotate_c	16	static
../Core/Src/main.c:389:6:setStepper_e	56	static
../Core/Src/main.c:470:6:setStepper_d	80	static
../Core/Src/main.c:585:6:setStepper_c	56	static
../Core/Src/main.c:679:6:HAL_UART_RxCpltCallback	64	static
../Core/Src/main.c:848:6:servo_control	16	static
../Core/Src/main.c:865:5:main	40	static
../Core/Src/main.c:1033:6:SystemClock_Config	88	static
../Core/Src/main.c:1080:13:MX_TIM1_Init	96	static
../Core/Src/main.c:1155:13:MX_TIM4_Init	48	static
../Core/Src/main.c:1204:13:MX_USART1_UART_Init	8	static
../Core/Src/main.c:1237:13:MX_USART2_UART_Init	8	static
../Core/Src/main.c:1270:13:MX_GPIO_Init	56	static
../Core/Src/main.c:1343:6:Error_Handler	4	static,ignoring_inline_asm
